[demos.grayic.com/omega/landing-3.html]
[backblue.gif]
[fade.gif]
[index.html]
[demos.grayic.com/omega/image/png/logo-white.png]
[demos.grayic.com/omega/landing-1.html]
[demos.grayic.com/omega/landing-2.html]
[demos.grayic.com/omega/landing-4.html]
[demos.grayic.com/omega/landing-5.html]
[demos.grayic.com/omega/landing-6.html]
[demos.grayic.com/omega/landing-7.html]
[demos.grayic.com/omega/landing-8.html]
[demos.grayic.com/omega/about.html]
[demos.grayic.com/omega/career-page.html]
[demos.grayic.com/omega/careerdetails.html]
[demos.grayic.com/omega/case-study.html]
[demos.grayic.com/omega/case-study-details.html]
[demos.grayic.com/omega/blog-regular.html]
[demos.grayic.com/omega/blog-left-sidebar.html]
[demos.grayic.com/omega/blog-right-sidebar.html]
[demos.grayic.com/omega/blog-details.html]
[demos.grayic.com/omega/pricing-1.html]
[demos.grayic.com/omega/pricing-2.html]
[demos.grayic.com/omega/contact-1.html]
[demos.grayic.com/omega/contact-2.html]
[demos.grayic.com/omega/contact-3.html]
[demos.grayic.com/omega/sign-in.html]
[demos.grayic.com/omega/sign-in-img.html]
[demos.grayic.com/omega/sign-up.html]
[demos.grayic.com/omega/sign-up-img.html]
[demos.grayic.com/omega/forget-pass.html]
[demos.grayic.com/omega/forget-pass-img.html]
[demos.grayic.com/omega/404.html]
[demos.grayic.com/omega/thank-you.html]
[demos.grayic.com/omega/terms-page.html]
[demos.grayic.com/omega/coming-soon.html]
[demos.grayic.com/omega/coming-soon-2.html]
[demos.grayic.com/omega/faq.html]
[demos.grayic.com/omega/review.html]
[demos.grayic.com/omega/image/png/hero-shape-yellow.png]
[demos.grayic.com/omega/image/png/hero-shape-combined.png]
[demos.grayic.com/omega/image/png/video-image.png]
[demos.grayic.com/omega/image/png/content1-img.png]
[demos.grayic.com/omega/image/png/content1-img-small.png]
[demos.grayic.com/omega/image/png/easy-image-1.png]
[demos.grayic.com/omega/image/png/easy-image-2.png]
[demos.grayic.com/omega/image/png/content3-img.png]
[demos.grayic.com/omega/image/png/cta-border-shape.png]
[demos.grayic.com/omega/image/png/cta-shape.png]
[demos.grayic.com/omega/plugins/jquery/jquery.min.js]
[demos.grayic.com/omega/plugins/jquery/jquery-migrate.min.js]
[demos.grayic.com/omega/plugins/bootstrap-4/js/bootstrap.bundle.min.js]
[demos.grayic.com/omega/plugins/fancybox/jquery.fancybox.min.js]
[demos.grayic.com/omega/plugins/nice-select/jquery.nice-select.min.js]
[demos.grayic.com/omega/plugins/aos/aos.min.js]
[demos.grayic.com/omega/plugins/slick/slick.min.js]
[demos.grayic.com/omega/js/custom.js]
[demos.grayic.com/omega/landing-3.html]
[demos.grayic.com/omega/image/png/favicon.html]
[demos.grayic.com/omega/plugins/bootstrap-4/css/bootstrap.min.css]
[demos.grayic.com/omega/fonts/icon-font/fonts/avasta.eot]
[demos.grayic.com/omega/fonts/icon-font/fonts/avasta.woff2]
[demos.grayic.com/omega/fonts/icon-font/fonts/avasta.woff]
[demos.grayic.com/omega/fonts/icon-font/fonts/avasta.ttf]
[demos.grayic.com/omega/fonts/icon-font/css/style.css]
[demos.grayic.com/omega/fonts/typography-font/CircularStd-Book.eot]
[demos.grayic.com/omega/fonts/typography-font/CircularStd-Bookd41d.eot]
[demos.grayic.com/omega/fonts/typography-font/CircularStd-Book.woff2]
[demos.grayic.com/omega/fonts/typography-font/CircularStd-Book.woff]
[demos.grayic.com/omega/fonts/typography-font/CircularStd-Book.ttf]
[demos.grayic.com/omega/fonts/typography-font/CircularStd-BookItalic.eot]
[demos.grayic.com/omega/fonts/typography-font/CircularStd-BookItalicd41d.eot]
[demos.grayic.com/omega/fonts/typography-font/CircularStd-BookItalic.woff2]
[demos.grayic.com/omega/fonts/typography-font/CircularStd-BookItalic.woff]
[demos.grayic.com/omega/fonts/typography-font/CircularStd-BookItalic.ttf]
[demos.grayic.com/omega/fonts/typography-font/CircularStd-Medium.eot]
[demos.grayic.com/omega/fonts/typography-font/CircularStd-Mediumd41d.eot]
[demos.grayic.com/omega/fonts/typography-font/CircularStd-Medium.woff2]
[demos.grayic.com/omega/fonts/typography-font/CircularStd-Medium.woff]
[demos.grayic.com/omega/fonts/typography-font/CircularStd-Medium.ttf]
[demos.grayic.com/omega/fonts/typography-font/CircularStd-BoldItalic.eot]
[demos.grayic.com/omega/fonts/typography-font/CircularStd-BoldItalicd41d.eot]
[demos.grayic.com/omega/fonts/typography-font/CircularStd-BoldItalic.woff2]
[demos.grayic.com/omega/fonts/typography-font/CircularStd-BoldItalic.woff]
[demos.grayic.com/omega/fonts/typography-font/CircularStd-BoldItalic.ttf]
[demos.grayic.com/omega/fonts/typography-font/CircularStd-BlackItalic.eot]
[demos.grayic.com/omega/fonts/typography-font/CircularStd-BlackItalicd41d.eot]
[demos.grayic.com/omega/fonts/typography-font/CircularStd-BlackItalic.woff2]
[demos.grayic.com/omega/fonts/typography-font/CircularStd-BlackItalic.woff]
[demos.grayic.com/omega/fonts/typography-font/CircularStd-BlackItalic.ttf]
[demos.grayic.com/omega/fonts/typography-font/CircularStd-Black.eot]
[demos.grayic.com/omega/fonts/typography-font/CircularStd-Blackd41d.eot]
[demos.grayic.com/omega/fonts/typography-font/CircularStd-Black.woff2]
[demos.grayic.com/omega/fonts/typography-font/CircularStd-Black.woff]
[demos.grayic.com/omega/fonts/typography-font/CircularStd-Black.ttf]
[demos.grayic.com/omega/fonts/typography-font/CircularStd-Bold.eot]
[demos.grayic.com/omega/fonts/typography-font/CircularStd-Boldd41d.eot]
[demos.grayic.com/omega/fonts/typography-font/CircularStd-Bold.woff2]
[demos.grayic.com/omega/fonts/typography-font/CircularStd-Bold.woff]
[demos.grayic.com/omega/fonts/typography-font/CircularStd-Bold.ttf]
[demos.grayic.com/omega/fonts/typography-font/CircularStd-MediumItalic.eot]
[demos.grayic.com/omega/fonts/typography-font/CircularStd-MediumItalicd41d.eot]
[demos.grayic.com/omega/fonts/typography-font/CircularStd-MediumItalic.woff2]
[demos.grayic.com/omega/fonts/typography-font/CircularStd-MediumItalic.woff]
[demos.grayic.com/omega/fonts/typography-font/CircularStd-MediumItalic.ttf]
[demos.grayic.com/omega/fonts/typography-font/typo.css]
[demos.grayic.com/omega/fonts/fontawesome-5/webfonts/fa-brands-400.eot]
[demos.grayic.com/omega/fonts/fontawesome-5/webfonts/fa-brands-400d41d.eot]
[demos.grayic.com/omega/fonts/fontawesome-5/webfonts/fa-brands-400.woff2]
[demos.grayic.com/omega/fonts/fontawesome-5/webfonts/fa-brands-400.woff]
[demos.grayic.com/omega/fonts/fontawesome-5/webfonts/fa-brands-400.ttf]
[demos.grayic.com/omega/fonts/fontawesome-5/webfonts/fa-regular-400.eot]
[demos.grayic.com/omega/fonts/fontawesome-5/webfonts/fa-regular-400d41d.eot]
[demos.grayic.com/omega/fonts/fontawesome-5/webfonts/fa-regular-400.woff2]
[demos.grayic.com/omega/fonts/fontawesome-5/webfonts/fa-regular-400.woff]
[demos.grayic.com/omega/fonts/fontawesome-5/webfonts/fa-regular-400.ttf]
[demos.grayic.com/omega/fonts/fontawesome-5/webfonts/fa-solid-900.eot]
[demos.grayic.com/omega/fonts/fontawesome-5/webfonts/fa-solid-900d41d.eot]
[demos.grayic.com/omega/fonts/fontawesome-5/webfonts/fa-solid-900.woff2]
[demos.grayic.com/omega/fonts/fontawesome-5/webfonts/fa-solid-900.woff]
[demos.grayic.com/omega/fonts/fontawesome-5/webfonts/fa-solid-900.ttf]
[demos.grayic.com/omega/fonts/fontawesome-5/css/all.css]
[demos.grayic.com/omega/plugins/aos/aos.min.css]
[demos.grayic.com/omega/plugins/fancybox/jquery.fancybox.min.css]
[demos.grayic.com/omega/plugins/nice-select/nice-select.css]
[demos.grayic.com/omega/plugins/slick/slick.css]
[demos.grayic.com/omega/css/settings.css]
[demos.grayic.com/omega/image/png/l2-hero-bg.png]
[demos.grayic.com/omega/image/png/forget-pass-bg.png]
[demos.grayic.com/omega/image/png/sign-in-bg.png]
[demos.grayic.com/omega/image/png/sign-up-bg.png]
[demos.grayic.com/omega/image/png/quote-icon.png]
[demos.grayic.com/omega/css/main.css]
[demos.grayic.com/omega/css/custom.css]
[demos.grayic.com/omega/image/png/l1-logo.png]
[demos.grayic.com/omega/image/png/landing1-hero-phone.png]
[demos.grayic.com/omega/image/png/l1-brand1.png]
[demos.grayic.com/omega/image/png/l1-brand2.png]
[demos.grayic.com/omega/image/png/l1-brand3.png]
[demos.grayic.com/omega/image/png/l1-brand4.png]
[demos.grayic.com/omega/image/png/l1-brand5.png]
[demos.grayic.com/omega/image/png/l1-feature-oval.png]
[demos.grayic.com/omega/image/png/icon-layout-red.png]
[demos.grayic.com/omega/image/png/icon-sidebar-yellow.png]
[demos.grayic.com/omega/image/png/icon-brookmark-blue.png]
[demos.grayic.com/omega/image/png/icon-chat-black.png]
[demos.grayic.com/omega/image/png/content-img1--mobile.png]
[demos.grayic.com/omega/image/png/content-img2--mobile.png]
[demos.grayic.com/omega/image/png/icon-cards-red.png]
[demos.grayic.com/omega/image/png/icon-mobile-blue.png]
[demos.grayic.com/omega/image/png/l1-customer1.png]
[demos.grayic.com/omega/image/png/l1-customer2.png]
[demos.grayic.com/omega/image/png/l1-customer3.png]
[demos.grayic.com/omega/image/png/l1-cta-oval.png]
[demos.grayic.com/omega/image/png/footer-logo.png]
[demos.grayic.com/omega/landing-1.html]
[demos.grayic.com/omega/image/png/l2-hero-oval1.png]
[demos.grayic.com/omega/image/png/l2-hero-oval2.png]
[demos.grayic.com/omega/landing-2.html]
[demos.grayic.com/omega/landing-4.html]
[demos.grayic.com/omega/landing-5.html]
[demos.grayic.com/omega/landing-6.html]
[demos.grayic.com/omega/landing-7.html]
[demos.grayic.com/omega/landing-8.html]
[demos.grayic.com/omega/about.html]
[demos.grayic.com/omega/career-page.html]
[demos.grayic.com/omega/careerdetails.html]
[demos.grayic.com/omega/case-study.html]
[demos.grayic.com/omega/case-study-details.html]
[demos.grayic.com/omega/blog-regular.html]
[demos.grayic.com/omega/blog-left-sidebar.html]
[demos.grayic.com/omega/blog-right-sidebar.html]
[demos.grayic.com/omega/blog-details.html]
[demos.grayic.com/omega/pricing-1.html]
[demos.grayic.com/omega/pricing-2.html]
[demos.grayic.com/omega/contact-1.html]
[demos.grayic.com/omega/contact-2.html]
[demos.grayic.com/omega/contact-3.html]
[demos.grayic.com/omega/sign-in.html]
[demos.grayic.com/omega/sign-in-img.html]
[demos.grayic.com/omega/sign-up.html]
[demos.grayic.com/omega/sign-up-img.html]
[demos.grayic.com/omega/forget-pass.html]
[demos.grayic.com/omega/forget-pass-img.html]
[demos.grayic.com/omega/404.html]
[demos.grayic.com/omega/thank-you.html]
[demos.grayic.com/omega/terms-page.html]
[demos.grayic.com/omega/coming-soon.html]
[demos.grayic.com/omega/coming-soon-2.html]
[demos.grayic.com/omega/faq.html]
[demos.grayic.com/omega/review.html]
[demos.grayic.com/omega/image/svg/responsive-icon.svg]
[demos.grayic.com/omega/image/svg/layout-icon.svg]
[demos.grayic.com/omega/image/svg/fast-icon.svg]
[demos.grayic.com/omega/image/svg/messege-icon.svg]
[demos.grayic.com/omega/image/svg/documents-icon.svg]
[demos.grayic.com/omega/image/svg/loop-icon.svg]
[demos.grayic.com/omega/fonts/icon-font/fonts/avasta.svg]
[demos.grayic.com/omega/fonts/fontawesome-5/webfonts/fa-brands-400.svg]
[demos.grayic.com/omega/fonts/fontawesome-5/webfonts/fa-regular-400.svg]
[demos.grayic.com/omega/fonts/fontawesome-5/webfonts/fa-solid-900.svg]
[demos.grayic.com/omega/image/png/contact-page.html]
[demos.grayic.com/omega/image/png/contact-page-2.html]
[demos.grayic.com/omega/image/svg/hero-shape-svg.svg]
[demos.grayic.com/omega/image/svg/l1-curve-feature.svg]
[demos.grayic.com/omega/image/svg/l1-curve-content2.svg]
[demos.grayic.com/omega/image/svg/l1-curve-cta.svg]
[demos.grayic.com/omega/image/svg/l2-feature-icon1.html]
